// Jest Snapshot v1, https://goo.gl/fbAQLP

exports[`Should render NotFoundPage correctly 1`] = `
<div>
  <p>
    404 - Not Found!
  </p>
  <Link
    to="/"
  >
    Take me home
  </Link>
</div>
`;
